20:58:59 **** Incremental Build of configuration Debug for project 0_test ****
make -j32 all 
arm-none-eabi-gcc "../Src/main.c" -mcpu=cortex-m4 -std=gnu11 -g3 -DDEBUG -DNUCLEO_F411RE -DSTM32 -DSTM32F4 -DSTM32F411RETx -DSTM32F411xE -c -I../Inc -I"G:/STM32BareMetal_Project/0_test/chip_headers/CMSIS/Include" -I"G:/STM32BareMetal_Project/0_test/chip_headers/CMSIS/Device/ST/STM32F4xx/Include" -O0 -ffunction-sections -fdata-sections -Wall -fstack-usage -fcyclomatic-complexity -MMD -MP -MF"Src/main.d" -MT"Src/main.o" --specs=nano.specs -mfpu=fpv4-sp-d16 -mfloat-abi=hard -mthumb -o "Src/main.o"
arm-none-eabi-gcc -o "0_test.elf" @"objects.list"   -mcpu=cortex-m4 -T"G:\STM32BareMetal_Project\0_test\STM32F411RETX_FLASH.ld" --specs=nosys.specs -Wl,-Map="0_test.map" -Wl,--gc-sections -static --specs=nano.specs -mfpu=fpv4-sp-d16 -mfloat-abi=hard -mthumb -Wl,--start-group -lc -lm -Wl,--end-group
Finished building target: 0_test.elf
 
arm-none-eabi-size  0_test.elf 
arm-none-eabi-objdump -h -S 0_test.elf  > "0_test.list"
   text	   data	    bss	    dec	    hex	filename
    748	      0	   1568	   2316	    90c	0_test.elf
Finished building: default.size.stdout
 
Finished building: 0_test.list
 

20:59:03 Build Finished. 0 errors, 0 warnings. (took 4s.170ms)

