20:59:04 **** Build of configuration Debug for project 1_system_divers-fpu ****
make -j32 all 
arm-none-eabi-gcc -mcpu=cortex-m4 -g3 -DDEBUG -c -x assembler-with-cpp -MMD -MP -MF"Startup/startup_stm32f411retx.d" -MT"Startup/startup_stm32f411retx.o" --specs=nano.specs -mfpu=fpv4-sp-d16 -mfloat-abi=hard -mthumb -o "Startup/startup_stm32f411retx.o" "../Startup/startup_stm32f411retx.s"
arm-none-eabi-gcc "../Src/fpu.c" -mcpu=cortex-m4 -std=gnu11 -g3 -DDEBUG -DNUCLEO_F411RE -DSTM32 -DSTM32F4 -DSTM32F411RETx -DSTM32F411xE -c -I../Inc -I"G:/STM32BareMetal_Project/1_system_divers-fpu/chip_headers/CMSIS/Include" -I"G:/STM32BareMetal_Project/1_system_divers-fpu/chip_headers/CMSIS/Device/ST/STM32F4xx/Include" -O0 -ffunction-sections -fdata-sections -Wall -fstack-usage -fcyclomatic-complexity -MMD -MP -MF"Src/fpu.d" -MT"Src/fpu.o" --specs=nano.specs -mfpu=fpv4-sp-d16 -mfloat-abi=hard -mthumb -o "Src/fpu.o"
arm-none-eabi-gcc "../Src/main.c" -mcpu=cortex-m4 -std=gnu11 -g3 -DDEBUG -DNUCLEO_F411RE -DSTM32 -DSTM32F4 -DSTM32F411RETx -DSTM32F411xE -c -I../Inc -I"G:/STM32BareMetal_Project/1_system_divers-fpu/chip_headers/CMSIS/Include" -I"G:/STM32BareMetal_Project/1_system_divers-fpu/chip_headers/CMSIS/Device/ST/STM32F4xx/Include" -O0 -ffunction-sections -fdata-sections -Wall -fstack-usage -fcyclomatic-complexity -MMD -MP -MF"Src/main.d" -MT"Src/main.o" --specs=nano.specs -mfpu=fpv4-sp-d16 -mfloat-abi=hard -mthumb -o "Src/main.o"
arm-none-eabi-gcc "../Src/syscalls.c" -mcpu=cortex-m4 -std=gnu11 -g3 -DDEBUG -DNUCLEO_F411RE -DSTM32 -DSTM32F4 -DSTM32F411RETx -DSTM32F411xE -c -I../Inc -I"G:/STM32BareMetal_Project/1_system_divers-fpu/chip_headers/CMSIS/Include" -I"G:/STM32BareMetal_Project/1_system_divers-fpu/chip_headers/CMSIS/Device/ST/STM32F4xx/Include" -O0 -ffunction-sections -fdata-sections -Wall -fstack-usage -fcyclomatic-complexity -MMD -MP -MF"Src/syscalls.d" -MT"Src/syscalls.o" --specs=nano.specs -mfpu=fpv4-sp-d16 -mfloat-abi=hard -mthumb -o "Src/syscalls.o"
arm-none-eabi-gcc "../Src/sysmem.c" -mcpu=cortex-m4 -std=gnu11 -g3 -DDEBUG -DNUCLEO_F411RE -DSTM32 -DSTM32F4 -DSTM32F411RETx -DSTM32F411xE -c -I../Inc -I"G:/STM32BareMetal_Project/1_system_divers-fpu/chip_headers/CMSIS/Include" -I"G:/STM32BareMetal_Project/1_system_divers-fpu/chip_headers/CMSIS/Device/ST/STM32F4xx/Include" -O0 -ffunction-sections -fdata-sections -Wall -fstack-usage -fcyclomatic-complexity -MMD -MP -MF"Src/sysmem.d" -MT"Src/sysmem.o" --specs=nano.specs -mfpu=fpv4-sp-d16 -mfloat-abi=hard -mthumb -o "Src/sysmem.o"
arm-none-eabi-gcc -o "1_system_divers-fpu.elf" @"objects.list"   -mcpu=cortex-m4 -T"G:\STM32BareMetal_Project\1_system_divers-fpu\STM32F411RETX_FLASH.ld" --specs=nosys.specs -Wl,-Map="1_system_divers-fpu.map" -Wl,--gc-sections -static --specs=nano.specs -mfpu=fpv4-sp-d16 -mfloat-abi=hard -mthumb -Wl,--start-group -lc -lm -Wl,--end-group
Finished building target: 1_system_divers-fpu.elf
 
arm-none-eabi-size  1_system_divers-fpu.elf 
arm-none-eabi-objdump -h -S 1_system_divers-fpu.elf  > "1_system_divers-fpu.list"
   text	   data	    bss	    dec	    hex	filename
    756	      0	   1568	   2324	    914	1_system_divers-fpu.elf
Finished building: default.size.stdout
 
Finished building: 1_system_divers-fpu.list
 

20:59:05 Build Finished. 0 errors, 0 warnings. (took 678ms)

