22:43:55 **** Incremental Build of configuration Debug for project 6_system_divers-spi ****
make -j32 all 
arm-none-eabi-gcc "../Src/main.c" -mcpu=cortex-m4 -std=gnu11 -g3 -DDEBUG -DNUCLEO_F411RE -DSTM32 -DSTM32F4 -DSTM32F411RETx -DSTM32F411xE -c -I../Inc -I"G:/STM32BareMetal_Project/6_system_divers-spi/chip_headers/CMSIS/Include" -I"G:/STM32BareMetal_Project/6_system_divers-spi/chip_headers/CMSIS/Device/ST/STM32F4xx/Include" -O0 -ffunction-sections -fdata-sections -Wall -fstack-usage -fcyclomatic-complexity -MMD -MP -MF"Src/main.d" -MT"Src/main.o" --specs=nano.specs -mfpu=fpv4-sp-d16 -mfloat-abi=hard -mthumb -o "Src/main.o"
arm-none-eabi-gcc -o "6_system_divers-spi.elf" @"objects.list"   -mcpu=cortex-m4 -T"G:\STM32BareMetal_Project\6_system_divers-spi\STM32F411RETX_FLASH.ld" --specs=nosys.specs -Wl,-Map="6_system_divers-spi.map" -Wl,--gc-sections -static --specs=nano.specs -mfpu=fpv4-sp-d16 -mfloat-abi=hard -mthumb -Wl,--start-group -lc -lm -Wl,--end-group
Finished building target: 6_system_divers-spi.elf
 
arm-none-eabi-size  6_system_divers-spi.elf 
arm-none-eabi-objdump -h -S 6_system_divers-spi.elf  > "6_system_divers-spi.list"
   text	   data	    bss	    dec	    hex	filename
   3056	      4	   1644	   4704	   1260	6_system_divers-spi.elf
Finished building: default.size.stdout
 
Finished building: 6_system_divers-spi.list
 

22:43:56 Build Finished. 0 errors, 0 warnings. (took 743ms)

