19:36:01 **** Incremental Build of configuration Debug for project cpp_3_calss_uart ****
make -j32 all 
arm-none-eabi-g++ "../Src/main.cpp" -mcpu=cortex-m4 -std=gnu++14 -g3 -DDEBUG -DNUCLEO_F411RE -DSTM32 -DSTM32F4 -DSTM32F411RETx -DSTM32F411xE -c -I../Inc -I"G:/AdvancedEmbedOOPwithCPP/cpp_3_calss_uart/chip_headers/CMSIS/Include" -I"G:/AdvancedEmbedOOPwithCPP/cpp_3_calss_uart/chip_headers/CMSIS/Device/ST/STM32F4xx/Include" -O0 -ffunction-sections -fdata-sections -fno-exceptions -fno-rtti -fno-use-cxa-atexit -Wall -fstack-usage -fcyclomatic-complexity -MMD -MP -MF"Src/main.d" -MT"Src/main.o" --specs=nano.specs -mfpu=fpv4-sp-d16 -mfloat-abi=hard -mthumb -o "Src/main.o"
arm-none-eabi-g++ -o "cpp_3_calss_uart.elf" @"objects.list"   -mcpu=cortex-m4 -T"G:\AdvancedEmbedOOPwithCPP\cpp_3_calss_uart\STM32F411RETX_FLASH.ld" --specs=nosys.specs -Wl,-Map="cpp_3_calss_uart.map" -Wl,--gc-sections -static --specs=nano.specs -mfpu=fpv4-sp-d16 -mfloat-abi=hard -mthumb -Wl,--start-group -lc -lm -lstdc++ -lsupc++ -Wl,--end-group
Finished building target: cpp_3_calss_uart.elf
 
arm-none-eabi-size  cpp_3_calss_uart.elf 
arm-none-eabi-objdump -h -S cpp_3_calss_uart.elf  > "cpp_3_calss_uart.list"
   text	   data	    bss	    dec	    hex	filename
   1392	      0	   1568	   2960	    b90	cpp_3_calss_uart.elf
Finished building: default.size.stdout
 
Finished building: cpp_3_calss_uart.list
 

19:36:04 Build Finished. 0 errors, 0 warnings. (took 3s.150ms)

