17:44:17 **** Incremental Build of configuration Debug for project cpp_1_calss_gpio ****
make -j32 all 
arm-none-eabi-g++ "../Src/main.cpp" -mcpu=cortex-m4 -std=gnu++14 -g3 -DDEBUG -DNUCLEO_F411RE -DSTM32 -DSTM32F4 -DSTM32F411RETx -DSTM32F411xE -c -I../Inc -I"G:/AdvancedEmbedOOPwithCPP/cpp_1_calss_gpio/chip_headers/CMSIS/Include" -I"G:/AdvancedEmbedOOPwithCPP/cpp_1_calss_gpio/chip_headers/CMSIS/Device/ST/STM32F4xx/Include" -O0 -ffunction-sections -fdata-sections -fno-exceptions -fno-rtti -fno-use-cxa-atexit -Wall -fstack-usage -fcyclomatic-complexity -MMD -MP -MF"Src/main.d" -MT"Src/main.o" --specs=nano.specs -mfpu=fpv4-sp-d16 -mfloat-abi=hard -mthumb -o "Src/main.o"
arm-none-eabi-g++ -o "cpp_1_calss_gpio.elf" @"objects.list"   -mcpu=cortex-m4 -T"G:\AdvancedEmbedOOPwithCPP\cpp_1_calss_gpio\STM32F411RETX_FLASH.ld" --specs=nosys.specs -Wl,-Map="cpp_1_calss_gpio.map" -Wl,--gc-sections -static --specs=nano.specs -mfpu=fpv4-sp-d16 -mfloat-abi=hard -mthumb -Wl,--start-group -lc -lm -lstdc++ -lsupc++ -Wl,--end-group
Finished building target: cpp_1_calss_gpio.elf
 
arm-none-eabi-size  cpp_1_calss_gpio.elf 
arm-none-eabi-objdump -h -S cpp_1_calss_gpio.elf  > "cpp_1_calss_gpio.list"
   text	   data	    bss	    dec	    hex	filename
   1004	      0	   1568	   2572	    a0c	cpp_1_calss_gpio.elf
Finished building: default.size.stdout
 
Finished building: cpp_1_calss_gpio.list
 

17:44:20 Build Finished. 0 errors, 0 warnings. (took 3s.607ms)

